// Jest Snapshot v1, https://jestjs.io/docs/snapshot-testing

exports[`Snapshot 1`] = `
{
  "Parameters": {
    "BootstrapVersion": {
      "Default": "/cdk-bootstrap/hnb659fds/version",
      "Description": "Version of the CDK Bootstrap resources in this environment, automatically retrieved from SSM Parameter Store. [cdk:skip]",
      "Type": "AWS::SSM::Parameter::Value<String>",
    },
  },
  "Resources": {
    "instanceServiceACD550C60": {
      "Properties": {
        "HostedZoneId": "DUMMY",
        "Name": "snapshot.example.com.",
        "ResourceRecords": [
          {
            "Fn::GetAtt": [
              "instanceServiceinstanceBB291B7B",
              "PrivateIp",
            ],
          },
        ],
        "TTL": "1800",
        "Type": "A",
      },
      "Type": "AWS::Route53::RecordSet",
    },
    "instanceServiceinstanceBB291B7B": {
      "DependsOn": [
        "instanceServiceinstanceRoleroleC95CA18D",
      ],
      "Properties": {
        "AvailabilityZone": "dummy1a",
        "IamInstanceProfile": {
          "Ref": "instanceServiceinstanceInstanceProfile1C790C5B",
        },
        "ImageId": "ami-1234",
        "InstanceType": "t3.micro",
        "LaunchTemplate": {
          "LaunchTemplateName": "TestStackinstanceServiceinstanceLaunchTemplate2635C9F3C",
          "Version": {
            "Fn::GetAtt": [
              "instanceServiceinstanceLaunchTemplate2E2B01CC0",
              "LatestVersionNumber",
            ],
          },
        },
        "PropagateTagsToVolumeOnCreation": true,
        "SecurityGroupIds": [
          {
            "Fn::GetAtt": [
              "instanceServicesecurityGroup842FC3F0",
              "GroupId",
            ],
          },
        ],
        "SubnetId": {
          "Ref": "vpcPrivateSubnet1Subnet934893E8",
        },
        "Tags": [
          {
            "Key": "Name",
            "Value": "snapshot.example.com",
          },
        ],
        "UserData": {
          "Fn::Base64": "<powershell></powershell>",
        },
      },
      "Type": "AWS::EC2::Instance",
    },
    "instanceServiceinstanceInstanceProfile1C790C5B": {
      "Properties": {
        "Roles": [
          {
            "Ref": "instanceServiceinstanceRoleroleC95CA18D",
          },
        ],
      },
      "Type": "AWS::IAM::InstanceProfile",
    },
    "instanceServiceinstanceLaunchTemplate1A9ECACA": {
      "Properties": {
        "LaunchTemplateData": {
          "MetadataOptions": {
            "HttpTokens": "required",
          },
        },
        "LaunchTemplateName": "instanceLaunchTemplate",
      },
      "Type": "AWS::EC2::LaunchTemplate",
    },
    "instanceServiceinstanceLaunchTemplate2E2B01CC0": {
      "Properties": {
        "LaunchTemplateData": {
          "MetadataOptions": {
            "HttpTokens": "required",
          },
        },
        "LaunchTemplateName": "TestStackinstanceServiceinstanceLaunchTemplate2635C9F3C",
      },
      "Type": "AWS::EC2::LaunchTemplate",
    },
    "instanceServiceinstanceRoleroleC95CA18D": {
      "Properties": {
        "AssumeRolePolicyDocument": {
          "Statement": [
            {
              "Action": "sts:AssumeRole",
              "Effect": "Allow",
              "Principal": {
                "Service": "ec2.amazonaws.com",
              },
            },
          ],
          "Version": "2012-10-17",
        },
        "ManagedPolicyArns": [
          {
            "Ref": "instanceServiceloggingPolicyA64D3A45",
          },
          {
            "Fn::Join": [
              "",
              [
                "arn:",
                {
                  "Ref": "AWS::Partition",
                },
                ":iam::aws:policy/AmazonSSMManagedInstanceCore",
              ],
            ],
          },
        ],
      },
      "Type": "AWS::IAM::Role",
    },
    "instanceServiceloggingPolicyA64D3A45": {
      "Properties": {
        "Description": "Allow instance to log system logs to Cloudwatch",
        "Path": "/",
        "PolicyDocument": {
          "Statement": [
            {
              "Action": [
                "logs:PutLogEvents",
                "logs:CreateLogGroup",
                "logs:CreateLogStream",
              ],
              "Effect": "Allow",
              "Resource": [
                "arn:aws:logs:us-east-1:123456789012:log-group:/windows/logs",
                "arn:aws:logs:us-east-1:123456789012:log-group:/windows/logs/*",
              ],
            },
          ],
          "Version": "2012-10-17",
        },
      },
      "Type": "AWS::IAM::ManagedPolicy",
    },
    "instanceServicesecurityGroup842FC3F0": {
      "Properties": {
        "GroupDescription": "The security group applied to the instance service for snapshot",
        "SecurityGroupEgress": [
          {
            "CidrIp": "0.0.0.0/0",
            "Description": "Allow all outbound traffic by default",
            "IpProtocol": "-1",
          },
        ],
        "SecurityGroupIngress": [
          {
            "CidrIp": "10.0.0.1/32",
            "Description": "HTTP",
            "FromPort": 80,
            "IpProtocol": "tcp",
            "ToPort": 80,
          },
        ],
        "VpcId": {
          "Ref": "vpcA2121C38",
        },
      },
      "Type": "AWS::EC2::SecurityGroup",
    },
    "vpcA2121C38": {
      "Properties": {
        "CidrBlock": "10.0.0.0/16",
        "EnableDnsHostnames": true,
        "EnableDnsSupport": true,
        "InstanceTenancy": "default",
        "Tags": [
          {
            "Key": "Name",
            "Value": "TestStack/vpc",
          },
        ],
      },
      "Type": "AWS::EC2::VPC",
    },
    "vpcIGWE57CBDCA": {
      "Properties": {
        "Tags": [
          {
            "Key": "Name",
            "Value": "TestStack/vpc",
          },
        ],
      },
      "Type": "AWS::EC2::InternetGateway",
    },
    "vpcPrivateSubnet1DefaultRoute1AA8E2E5": {
      "Properties": {
        "DestinationCidrBlock": "0.0.0.0/0",
        "NatGatewayId": {
          "Ref": "vpcPublicSubnet1NATGateway9C16659E",
        },
        "RouteTableId": {
          "Ref": "vpcPrivateSubnet1RouteTableB41A48CC",
        },
      },
      "Type": "AWS::EC2::Route",
    },
    "vpcPrivateSubnet1RouteTableAssociation67945127": {
      "Properties": {
        "RouteTableId": {
          "Ref": "vpcPrivateSubnet1RouteTableB41A48CC",
        },
        "SubnetId": {
          "Ref": "vpcPrivateSubnet1Subnet934893E8",
        },
      },
      "Type": "AWS::EC2::SubnetRouteTableAssociation",
    },
    "vpcPrivateSubnet1RouteTableB41A48CC": {
      "Properties": {
        "Tags": [
          {
            "Key": "Name",
            "Value": "TestStack/vpc/PrivateSubnet1",
          },
        ],
        "VpcId": {
          "Ref": "vpcA2121C38",
        },
      },
      "Type": "AWS::EC2::RouteTable",
    },
    "vpcPrivateSubnet1Subnet934893E8": {
      "Properties": {
        "AvailabilityZone": "dummy1a",
        "CidrBlock": "10.0.96.0/19",
        "MapPublicIpOnLaunch": false,
        "Tags": [
          {
            "Key": "aws-cdk:subnet-name",
            "Value": "Private",
          },
          {
            "Key": "aws-cdk:subnet-type",
            "Value": "Private",
          },
          {
            "Key": "Name",
            "Value": "TestStack/vpc/PrivateSubnet1",
          },
        ],
        "VpcId": {
          "Ref": "vpcA2121C38",
        },
      },
      "Type": "AWS::EC2::Subnet",
    },
    "vpcPrivateSubnet2DefaultRouteB0E07F99": {
      "Properties": {
        "DestinationCidrBlock": "0.0.0.0/0",
        "NatGatewayId": {
          "Ref": "vpcPublicSubnet2NATGateway9B8AE11A",
        },
        "RouteTableId": {
          "Ref": "vpcPrivateSubnet2RouteTable7280F23E",
        },
      },
      "Type": "AWS::EC2::Route",
    },
    "vpcPrivateSubnet2RouteTable7280F23E": {
      "Properties": {
        "Tags": [
          {
            "Key": "Name",
            "Value": "TestStack/vpc/PrivateSubnet2",
          },
        ],
        "VpcId": {
          "Ref": "vpcA2121C38",
        },
      },
      "Type": "AWS::EC2::RouteTable",
    },
    "vpcPrivateSubnet2RouteTableAssociation007E94D3": {
      "Properties": {
        "RouteTableId": {
          "Ref": "vpcPrivateSubnet2RouteTable7280F23E",
        },
        "SubnetId": {
          "Ref": "vpcPrivateSubnet2Subnet7031C2BA",
        },
      },
      "Type": "AWS::EC2::SubnetRouteTableAssociation",
    },
    "vpcPrivateSubnet2Subnet7031C2BA": {
      "Properties": {
        "AvailabilityZone": "dummy1b",
        "CidrBlock": "10.0.128.0/19",
        "MapPublicIpOnLaunch": false,
        "Tags": [
          {
            "Key": "aws-cdk:subnet-name",
            "Value": "Private",
          },
          {
            "Key": "aws-cdk:subnet-type",
            "Value": "Private",
          },
          {
            "Key": "Name",
            "Value": "TestStack/vpc/PrivateSubnet2",
          },
        ],
        "VpcId": {
          "Ref": "vpcA2121C38",
        },
      },
      "Type": "AWS::EC2::Subnet",
    },
    "vpcPrivateSubnet3DefaultRoute30C45F47": {
      "Properties": {
        "DestinationCidrBlock": "0.0.0.0/0",
        "NatGatewayId": {
          "Ref": "vpcPublicSubnet3NATGateway82F6CA9E",
        },
        "RouteTableId": {
          "Ref": "vpcPrivateSubnet3RouteTable24DA79A0",
        },
      },
      "Type": "AWS::EC2::Route",
    },
    "vpcPrivateSubnet3RouteTable24DA79A0": {
      "Properties": {
        "Tags": [
          {
            "Key": "Name",
            "Value": "TestStack/vpc/PrivateSubnet3",
          },
        ],
        "VpcId": {
          "Ref": "vpcA2121C38",
        },
      },
      "Type": "AWS::EC2::RouteTable",
    },
    "vpcPrivateSubnet3RouteTableAssociationC58B3C2C": {
      "Properties": {
        "RouteTableId": {
          "Ref": "vpcPrivateSubnet3RouteTable24DA79A0",
        },
        "SubnetId": {
          "Ref": "vpcPrivateSubnet3Subnet985AC459",
        },
      },
      "Type": "AWS::EC2::SubnetRouteTableAssociation",
    },
    "vpcPrivateSubnet3Subnet985AC459": {
      "Properties": {
        "AvailabilityZone": "dummy1c",
        "CidrBlock": "10.0.160.0/19",
        "MapPublicIpOnLaunch": false,
        "Tags": [
          {
            "Key": "aws-cdk:subnet-name",
            "Value": "Private",
          },
          {
            "Key": "aws-cdk:subnet-type",
            "Value": "Private",
          },
          {
            "Key": "Name",
            "Value": "TestStack/vpc/PrivateSubnet3",
          },
        ],
        "VpcId": {
          "Ref": "vpcA2121C38",
        },
      },
      "Type": "AWS::EC2::Subnet",
    },
    "vpcPublicSubnet1DefaultRoute10708846": {
      "DependsOn": [
        "vpcVPCGW7984C166",
      ],
      "Properties": {
        "DestinationCidrBlock": "0.0.0.0/0",
        "GatewayId": {
          "Ref": "vpcIGWE57CBDCA",
        },
        "RouteTableId": {
          "Ref": "vpcPublicSubnet1RouteTable48A2DF9B",
        },
      },
      "Type": "AWS::EC2::Route",
    },
    "vpcPublicSubnet1EIPDA49DCBE": {
      "Properties": {
        "Domain": "vpc",
        "Tags": [
          {
            "Key": "Name",
            "Value": "TestStack/vpc/PublicSubnet1",
          },
        ],
      },
      "Type": "AWS::EC2::EIP",
    },
    "vpcPublicSubnet1NATGateway9C16659E": {
      "DependsOn": [
        "vpcPublicSubnet1DefaultRoute10708846",
        "vpcPublicSubnet1RouteTableAssociation5D3F4579",
      ],
      "Properties": {
        "AllocationId": {
          "Fn::GetAtt": [
            "vpcPublicSubnet1EIPDA49DCBE",
            "AllocationId",
          ],
        },
        "SubnetId": {
          "Ref": "vpcPublicSubnet1Subnet2E65531E",
        },
        "Tags": [
          {
            "Key": "Name",
            "Value": "TestStack/vpc/PublicSubnet1",
          },
        ],
      },
      "Type": "AWS::EC2::NatGateway",
    },
    "vpcPublicSubnet1RouteTable48A2DF9B": {
      "Properties": {
        "Tags": [
          {
            "Key": "Name",
            "Value": "TestStack/vpc/PublicSubnet1",
          },
        ],
        "VpcId": {
          "Ref": "vpcA2121C38",
        },
      },
      "Type": "AWS::EC2::RouteTable",
    },
    "vpcPublicSubnet1RouteTableAssociation5D3F4579": {
      "Properties": {
        "RouteTableId": {
          "Ref": "vpcPublicSubnet1RouteTable48A2DF9B",
        },
        "SubnetId": {
          "Ref": "vpcPublicSubnet1Subnet2E65531E",
        },
      },
      "Type": "AWS::EC2::SubnetRouteTableAssociation",
    },
    "vpcPublicSubnet1Subnet2E65531E": {
      "Properties": {
        "AvailabilityZone": "dummy1a",
        "CidrBlock": "10.0.0.0/19",
        "MapPublicIpOnLaunch": true,
        "Tags": [
          {
            "Key": "aws-cdk:subnet-name",
            "Value": "Public",
          },
          {
            "Key": "aws-cdk:subnet-type",
            "Value": "Public",
          },
          {
            "Key": "Name",
            "Value": "TestStack/vpc/PublicSubnet1",
          },
        ],
        "VpcId": {
          "Ref": "vpcA2121C38",
        },
      },
      "Type": "AWS::EC2::Subnet",
    },
    "vpcPublicSubnet2DefaultRouteA1EC0F60": {
      "DependsOn": [
        "vpcVPCGW7984C166",
      ],
      "Properties": {
        "DestinationCidrBlock": "0.0.0.0/0",
        "GatewayId": {
          "Ref": "vpcIGWE57CBDCA",
        },
        "RouteTableId": {
          "Ref": "vpcPublicSubnet2RouteTableEB40D4CB",
        },
      },
      "Type": "AWS::EC2::Route",
    },
    "vpcPublicSubnet2EIP9B3743B1": {
      "Properties": {
        "Domain": "vpc",
        "Tags": [
          {
            "Key": "Name",
            "Value": "TestStack/vpc/PublicSubnet2",
          },
        ],
      },
      "Type": "AWS::EC2::EIP",
    },
    "vpcPublicSubnet2NATGateway9B8AE11A": {
      "DependsOn": [
        "vpcPublicSubnet2DefaultRouteA1EC0F60",
        "vpcPublicSubnet2RouteTableAssociation21F81B59",
      ],
      "Properties": {
        "AllocationId": {
          "Fn::GetAtt": [
            "vpcPublicSubnet2EIP9B3743B1",
            "AllocationId",
          ],
        },
        "SubnetId": {
          "Ref": "vpcPublicSubnet2Subnet009B674F",
        },
        "Tags": [
          {
            "Key": "Name",
            "Value": "TestStack/vpc/PublicSubnet2",
          },
        ],
      },
      "Type": "AWS::EC2::NatGateway",
    },
    "vpcPublicSubnet2RouteTableAssociation21F81B59": {
      "Properties": {
        "RouteTableId": {
          "Ref": "vpcPublicSubnet2RouteTableEB40D4CB",
        },
        "SubnetId": {
          "Ref": "vpcPublicSubnet2Subnet009B674F",
        },
      },
      "Type": "AWS::EC2::SubnetRouteTableAssociation",
    },
    "vpcPublicSubnet2RouteTableEB40D4CB": {
      "Properties": {
        "Tags": [
          {
            "Key": "Name",
            "Value": "TestStack/vpc/PublicSubnet2",
          },
        ],
        "VpcId": {
          "Ref": "vpcA2121C38",
        },
      },
      "Type": "AWS::EC2::RouteTable",
    },
    "vpcPublicSubnet2Subnet009B674F": {
      "Properties": {
        "AvailabilityZone": "dummy1b",
        "CidrBlock": "10.0.32.0/19",
        "MapPublicIpOnLaunch": true,
        "Tags": [
          {
            "Key": "aws-cdk:subnet-name",
            "Value": "Public",
          },
          {
            "Key": "aws-cdk:subnet-type",
            "Value": "Public",
          },
          {
            "Key": "Name",
            "Value": "TestStack/vpc/PublicSubnet2",
          },
        ],
        "VpcId": {
          "Ref": "vpcA2121C38",
        },
      },
      "Type": "AWS::EC2::Subnet",
    },
    "vpcPublicSubnet3DefaultRoute3F356A11": {
      "DependsOn": [
        "vpcVPCGW7984C166",
      ],
      "Properties": {
        "DestinationCidrBlock": "0.0.0.0/0",
        "GatewayId": {
          "Ref": "vpcIGWE57CBDCA",
        },
        "RouteTableId": {
          "Ref": "vpcPublicSubnet3RouteTableA3C00665",
        },
      },
      "Type": "AWS::EC2::Route",
    },
    "vpcPublicSubnet3EIP2C3B9D91": {
      "Properties": {
        "Domain": "vpc",
        "Tags": [
          {
            "Key": "Name",
            "Value": "TestStack/vpc/PublicSubnet3",
          },
        ],
      },
      "Type": "AWS::EC2::EIP",
    },
    "vpcPublicSubnet3NATGateway82F6CA9E": {
      "DependsOn": [
        "vpcPublicSubnet3DefaultRoute3F356A11",
        "vpcPublicSubnet3RouteTableAssociationD102D1C4",
      ],
      "Properties": {
        "AllocationId": {
          "Fn::GetAtt": [
            "vpcPublicSubnet3EIP2C3B9D91",
            "AllocationId",
          ],
        },
        "SubnetId": {
          "Ref": "vpcPublicSubnet3Subnet11B92D7C",
        },
        "Tags": [
          {
            "Key": "Name",
            "Value": "TestStack/vpc/PublicSubnet3",
          },
        ],
      },
      "Type": "AWS::EC2::NatGateway",
    },
    "vpcPublicSubnet3RouteTableA3C00665": {
      "Properties": {
        "Tags": [
          {
            "Key": "Name",
            "Value": "TestStack/vpc/PublicSubnet3",
          },
        ],
        "VpcId": {
          "Ref": "vpcA2121C38",
        },
      },
      "Type": "AWS::EC2::RouteTable",
    },
    "vpcPublicSubnet3RouteTableAssociationD102D1C4": {
      "Properties": {
        "RouteTableId": {
          "Ref": "vpcPublicSubnet3RouteTableA3C00665",
        },
        "SubnetId": {
          "Ref": "vpcPublicSubnet3Subnet11B92D7C",
        },
      },
      "Type": "AWS::EC2::SubnetRouteTableAssociation",
    },
    "vpcPublicSubnet3Subnet11B92D7C": {
      "Properties": {
        "AvailabilityZone": "dummy1c",
        "CidrBlock": "10.0.64.0/19",
        "MapPublicIpOnLaunch": true,
        "Tags": [
          {
            "Key": "aws-cdk:subnet-name",
            "Value": "Public",
          },
          {
            "Key": "aws-cdk:subnet-type",
            "Value": "Public",
          },
          {
            "Key": "Name",
            "Value": "TestStack/vpc/PublicSubnet3",
          },
        ],
        "VpcId": {
          "Ref": "vpcA2121C38",
        },
      },
      "Type": "AWS::EC2::Subnet",
    },
    "vpcVPCGW7984C166": {
      "Properties": {
        "InternetGatewayId": {
          "Ref": "vpcIGWE57CBDCA",
        },
        "VpcId": {
          "Ref": "vpcA2121C38",
        },
      },
      "Type": "AWS::EC2::VPCGatewayAttachment",
    },
  },
  "Rules": {
    "CheckBootstrapVersion": {
      "Assertions": [
        {
          "Assert": {
            "Fn::Not": [
              {
                "Fn::Contains": [
                  [
                    "1",
                    "2",
                    "3",
                    "4",
                    "5",
                  ],
                  {
                    "Ref": "BootstrapVersion",
                  },
                ],
              },
            ],
          },
          "AssertDescription": "CDK bootstrap stack version 6 required. Please run 'cdk bootstrap' with a recent version of the CDK CLI.",
        },
      ],
    },
  },
}
`;
